{
  "options": [],
  "requirements": [],
  "invalid_lines": [],
  "comments": []
}