{
  "options": [],
  "requirements": [
    {
      "name": "MyProject",
      "specifier": [],
      "is_editable": true,
      "is_pinned": false,
      "requirement_line": {
        "line_number": 1,
        "line": "-e svn+svn://svn.myproject.org/svn/MyProject#egg=MyProject"
      },
      "link": "svn+svn://svn.myproject.org/svn/MyProject#egg=MyProject",
      "marker": null,
      "install_options": [],
      "global_options": [],
      "hash_options": [],
      "is_constraint": false,
      "extras": [],
      "invalid_options": {},
      "is_archive": false,
      "is_wheel": false,
      "is_url": true,
      "is_vcs_url": true,
      "is_name_at_url": false,
      "is_local_path": true,
      "has_egg_fragment": true
    },
    {
      "name": "MyProject",
      "specifier": [],
      "is_editable": true,
      "is_pinned": false,
      "requirement_line": {
        "line_number": 2,
        "line": "--editable git://git.myproject.org/MyProject.git@da39a3ee5e6b4b0d3255bfef95601890afd80709#egg=MyProject"
      },
      "link": "git://git.myproject.org/MyProject.git@da39a3ee5e6b4b0d3255bfef95601890afd80709#egg=MyProject",
      "marker": null,
      "install_options": [],
      "global_options": [],
      "hash_options": [],
      "is_constraint": false,
      "extras": [],
      "invalid_options": {},
      "is_archive": false,
      "is_wheel": false,
      "is_url": false,
      "is_vcs_url": false,
      "is_name_at_url": false,
      "is_local_path": true,
      "has_egg_fragment": true
    },
    {
      "name": "MyProject",
      "specifier": [],
      "is_editable": true,
      "is_pinned": false,
      "requirement_line": {
        "line_number": 3,
        "line": "--editable hg+http://hg.myproject.org/MyProject/@special_feature#egg=MyProject"
      },
      "link": "hg+http://hg.myproject.org/MyProject/@special_feature#egg=MyProject",
      "marker": null,
      "install_options": [],
      "global_options": [],
      "hash_options": [],
      "is_constraint": false,
      "extras": [],
      "invalid_options": {},
      "is_archive": false,
      "is_wheel": false,
      "is_url": true,
      "is_vcs_url": true,
      "is_name_at_url": false,
      "is_local_path": true,
      "has_egg_fragment": true
    },
    {
      "name": "MyProject",
      "specifier": [],
      "is_editable": true,
      "is_pinned": false,
      "requirement_line": {
        "line_number": 4,
        "line": "-e bzr+lp://MyProject#egg=MyProject"
      },
      "link": "bzr+lp://MyProject#egg=MyProject",
      "marker": null,
      "install_options": [],
      "global_options": [],
      "hash_options": [],
      "is_constraint": false,
      "extras": [],
      "invalid_options": {},
      "is_archive": false,
      "is_wheel": false,
      "is_url": true,
      "is_vcs_url": true,
      "is_name_at_url": false,
      "is_local_path": true,
      "has_egg_fragment": true
    }
  ],
  "invalid_lines": [],
  "comments": [
    {
      "line_number": 1,
      "line": "# Test comment"
    },
    {
      "line_number": 2,
      "line": "# Test comment"
    },
    {
      "line_number": 3,
      "line": "# Test comment"
    },
    {
      "line_number": 4,
      "line": "# Test comment"
    }
  ]
}