{
  "options": [],
  "requirements": [
    {
      "name": "requirements",
      "specifier": [],
      "is_editable": true,
      "is_pinned": false,
      "requirement_line": {
        "line_number": 1,
        "line": "-e git+https://github.com/davidfischer/requirements-parser.git#egg=requirements"
      },
      "link": "git+https://github.com/davidfischer/requirements-parser.git#egg=requirements",
      "marker": null,
      "install_options": [],
      "global_options": [],
      "hash_options": [],
      "is_constraint": false,
      "extras": [],
      "invalid_options": {},
      "is_archive": false,
      "is_wheel": false,
      "is_url": true,
      "is_vcs_url": true,
      "is_name_at_url": false,
      "is_local_path": true,
      "has_egg_fragment": true
    },
    {
      "name": "Django",
      "specifier": [
        ">=1.5",
        "<1.6"
      ],
      "is_editable": false,
      "is_pinned": false,
      "requirement_line": {
        "line_number": 2,
        "line": "Django >=1.5, <1.6"
      },
      "link": null,
      "marker": null,
      "install_options": [],
      "global_options": [],
      "hash_options": [],
      "is_constraint": false,
      "extras": [],
      "invalid_options": {},
      "is_archive": null,
      "is_wheel": false,
      "is_url": null,
      "is_vcs_url": null,
      "is_name_at_url": false,
      "is_local_path": null,
      "has_egg_fragment": false
    },
    {
      "name": "numpy",
      "specifier": [],
      "is_editable": false,
      "is_pinned": false,
      "requirement_line": {
        "line_number": 3,
        "line": "numpy"
      },
      "link": null,
      "marker": null,
      "install_options": [],
      "global_options": [],
      "hash_options": [],
      "is_constraint": false,
      "extras": [],
      "invalid_options": {},
      "is_archive": null,
      "is_wheel": false,
      "is_url": null,
      "is_vcs_url": null,
      "is_name_at_url": false,
      "is_local_path": null,
      "has_egg_fragment": false
    },
    {
      "name": "DocParser",
      "specifier": [],
      "is_editable": false,
      "is_pinned": false,
      "requirement_line": {
        "line_number": 4,
        "line": "DocParser [PDF]"
      },
      "link": null,
      "marker": null,
      "install_options": [],
      "global_options": [],
      "hash_options": [],
      "is_constraint": false,
      "extras": [
        "pdf"
      ],
      "invalid_options": {},
      "is_archive": null,
      "is_wheel": false,
      "is_url": null,
      "is_vcs_url": null,
      "is_name_at_url": false,
      "is_local_path": null,
      "has_egg_fragment": false
    }
  ],
  "invalid_lines": [],
  "comments": []
}