{
  "options": [
    {
      "line_number": 1,
      "line": "-r recursive_3.txt",
      "requirements": [
        "recursive_3.txt"
      ]
    }
  ],
  "requirements": [
    {
      "name": "Jinja",
      "specifier": [],
      "is_editable": false,
      "is_pinned": false,
      "requirement_line": {
        "line_number": 2,
        "line": "Jinja"
      },
      "link": null,
      "marker": null,
      "install_options": [],
      "global_options": [],
      "hash_options": [],
      "is_constraint": false,
      "extras": [],
      "invalid_options": {},
      "is_archive": null,
      "is_wheel": false,
      "is_url": null,
      "is_vcs_url": null,
      "is_name_at_url": false,
      "is_local_path": null,
      "has_egg_fragment": false
    }
  ],
  "invalid_lines": [],
  "comments": []
}