{
  "options": [
    {
      "line_number": 1,
      "line": "-r recursive_2.txt",
      "requirements": [
        "recursive_2.txt"
      ]
    }
  ],
  "requirements": [
    {
      "name": "Django",
      "specifier": [
        "==1.6"
      ],
      "is_editable": false,
      "is_pinned": true,
      "requirement_line": {
        "line_number": 2,
        "line": "Django==1.6"
      },
      "link": null,
      "marker": null,
      "install_options": [],
      "global_options": [],
      "hash_options": [],
      "is_constraint": false,
      "extras": [],
      "invalid_options": {},
      "is_archive": null,
      "is_wheel": false,
      "is_url": null,
      "is_vcs_url": null,
      "is_name_at_url": false,
      "is_local_path": null,
      "has_egg_fragment": false
    }
  ],
  "invalid_lines": [],
  "comments": []
}