{
  "options": [],
  "requirements": [
    {
      "name": "a_b",
      "specifier": [
        ">=1.0"
      ],
      "is_editable": false,
      "is_pinned": false,
      "requirement_line": {
        "line_number": 1,
        "line": "a_b>=1.0"
      },
      "link": null,
      "marker": null,
      "install_options": [],
      "global_options": [],
      "hash_options": [],
      "is_constraint": false,
      "extras": [],
      "invalid_options": {},
      "is_archive": null,
      "is_wheel": false,
      "is_url": null,
      "is_vcs_url": null,
      "is_name_at_url": false,
      "is_local_path": null,
      "has_egg_fragment": false
    }
  ],
  "invalid_lines": [],
  "comments": []
}