{
  "options": [],
  "requirements": [
    {
      "name": "MyProject",
      "specifier": [],
      "is_editable": true,
      "is_pinned": false,
      "requirement_line": {
        "line_number": 1,
        "line": "-e svn+svn://svn.myproject.org/svn/MyProject#egg=MyProject"
      },
      "link": "svn+svn://svn.myproject.org/svn/MyProject#egg=MyProject",
      "marker": null,
      "install_options": [],
      "global_options": [],
      "hash_options": [],
      "is_constraint": false,
      "extras": [],
      "invalid_options": {},
      "is_archive": false,
      "is_wheel": false,
      "is_url": true,
      "is_vcs_url": true,
      "is_name_at_url": false,
      "is_local_path": true,
      "has_egg_fragment": true
    },
    {
      "name": "MyProject",
      "specifier": [],
      "is_editable": true,
      "is_pinned": false,
      "requirement_line": {
        "line_number": 2,
        "line": "-e svn+http://svn.myproject.org/svn/MyProject/trunk@2019#egg=MyProject"
      },
      "link": "svn+http://svn.myproject.org/svn/MyProject/trunk@2019#egg=MyProject",
      "marker": null,
      "install_options": [],
      "global_options": [],
      "hash_options": [],
      "is_constraint": false,
      "extras": [],
      "invalid_options": {},
      "is_archive": false,
      "is_wheel": false,
      "is_url": true,
      "is_vcs_url": true,
      "is_name_at_url": false,
      "is_local_path": true,
      "has_egg_fragment": true
    },
    {
      "name": "MyProject",
      "specifier": [],
      "is_editable": false,
      "is_pinned": false,
      "requirement_line": {
        "line_number": 4,
        "line": "svn+svn://svn.myproject.org/svn/MyProject#egg=MyProject"
      },
      "link": "svn+svn://svn.myproject.org/svn/MyProject#egg=MyProject",
      "marker": null,
      "install_options": [],
      "global_options": [],
      "hash_options": [],
      "is_constraint": false,
      "extras": [],
      "invalid_options": {},
      "is_archive": false,
      "is_wheel": false,
      "is_url": true,
      "is_vcs_url": true,
      "is_name_at_url": false,
      "is_local_path": true,
      "has_egg_fragment": true
    },
    {
      "name": "MyProject",
      "specifier": [],
      "is_editable": false,
      "is_pinned": false,
      "requirement_line": {
        "line_number": 5,
        "line": "svn+http://svn.myproject.org/svn/MyProject/trunk@2019#egg=MyProject"
      },
      "link": "svn+http://svn.myproject.org/svn/MyProject/trunk@2019#egg=MyProject",
      "marker": null,
      "install_options": [],
      "global_options": [],
      "hash_options": [],
      "is_constraint": false,
      "extras": [],
      "invalid_options": {},
      "is_archive": false,
      "is_wheel": false,
      "is_url": true,
      "is_vcs_url": true,
      "is_name_at_url": false,
      "is_local_path": true,
      "has_egg_fragment": true
    }
  ],
  "invalid_lines": [],
  "comments": []
}