{
  "options": [],
  "requirements": [
    {
      "name": "MyProject",
      "specifier": [],
      "is_editable": true,
      "is_pinned": false,
      "requirement_line": {
        "line_number": 1,
        "line": "-e bzr+http://bzr.myproject.org/MyProject/trunk#egg=MyProject"
      },
      "link": "bzr+http://bzr.myproject.org/MyProject/trunk#egg=MyProject",
      "marker": null,
      "install_options": [],
      "global_options": [],
      "hash_options": [],
      "is_constraint": false,
      "extras": [],
      "invalid_options": {},
      "is_archive": false,
      "is_wheel": false,
      "is_url": true,
      "is_vcs_url": true,
      "is_name_at_url": false,
      "is_local_path": true,
      "has_egg_fragment": true
    },
    {
      "name": "MyProject",
      "specifier": [],
      "is_editable": true,
      "is_pinned": false,
      "requirement_line": {
        "line_number": 2,
        "line": "-e bzr+sftp://user@myproject.org/MyProject/trunk#egg=MyProject"
      },
      "link": "bzr+sftp://user@myproject.org/MyProject/trunk#egg=MyProject",
      "marker": null,
      "install_options": [],
      "global_options": [],
      "hash_options": [],
      "is_constraint": false,
      "extras": [],
      "invalid_options": {},
      "is_archive": false,
      "is_wheel": false,
      "is_url": true,
      "is_vcs_url": true,
      "is_name_at_url": false,
      "is_local_path": true,
      "has_egg_fragment": true
    },
    {
      "name": "MyProject",
      "specifier": [],
      "is_editable": true,
      "is_pinned": false,
      "requirement_line": {
        "line_number": 3,
        "line": "-e bzr+ssh://user@myproject.org/MyProject/trunk#egg=MyProject"
      },
      "link": "bzr+ssh://user@myproject.org/MyProject/trunk#egg=MyProject",
      "marker": null,
      "install_options": [],
      "global_options": [],
      "hash_options": [],
      "is_constraint": false,
      "extras": [],
      "invalid_options": {},
      "is_archive": false,
      "is_wheel": false,
      "is_url": true,
      "is_vcs_url": true,
      "is_name_at_url": false,
      "is_local_path": true,
      "has_egg_fragment": true
    },
    {
      "name": "MyProject",
      "specifier": [],
      "is_editable": true,
      "is_pinned": false,
      "requirement_line": {
        "line_number": 4,
        "line": "-e bzr+ftp://user@myproject.org/MyProject/trunk#egg=MyProject"
      },
      "link": "bzr+ftp://user@myproject.org/MyProject/trunk#egg=MyProject",
      "marker": null,
      "install_options": [],
      "global_options": [],
      "hash_options": [],
      "is_constraint": false,
      "extras": [],
      "invalid_options": {},
      "is_archive": false,
      "is_wheel": false,
      "is_url": true,
      "is_vcs_url": true,
      "is_name_at_url": false,
      "is_local_path": true,
      "has_egg_fragment": true
    },
    {
      "name": "MyProject",
      "specifier": [],
      "is_editable": true,
      "is_pinned": false,
      "requirement_line": {
        "line_number": 5,
        "line": "-e bzr+https://bzr.myproject.org/MyProject/trunk@2019#egg=MyProject"
      },
      "link": "bzr+https://bzr.myproject.org/MyProject/trunk@2019#egg=MyProject",
      "marker": null,
      "install_options": [],
      "global_options": [],
      "hash_options": [],
      "is_constraint": false,
      "extras": [],
      "invalid_options": {},
      "is_archive": false,
      "is_wheel": false,
      "is_url": true,
      "is_vcs_url": true,
      "is_name_at_url": false,
      "is_local_path": true,
      "has_egg_fragment": true
    },
    {
      "name": "MyProject",
      "specifier": [],
      "is_editable": true,
      "is_pinned": false,
      "requirement_line": {
        "line_number": 6,
        "line": "-e bzr+http://bzr.myproject.org/MyProject/trunk@v1.0#egg=MyProject"
      },
      "link": "bzr+http://bzr.myproject.org/MyProject/trunk@v1.0#egg=MyProject",
      "marker": null,
      "install_options": [],
      "global_options": [],
      "hash_options": [],
      "is_constraint": false,
      "extras": [],
      "invalid_options": {},
      "is_archive": false,
      "is_wheel": false,
      "is_url": true,
      "is_vcs_url": true,
      "is_name_at_url": false,
      "is_local_path": true,
      "has_egg_fragment": true
    },
    {
      "name": "MyProject",
      "specifier": [],
      "is_editable": false,
      "is_pinned": false,
      "requirement_line": {
        "line_number": 8,
        "line": "bzr+http://bzr.myproject.org/MyProject/trunk#egg=MyProject"
      },
      "link": "bzr+http://bzr.myproject.org/MyProject/trunk#egg=MyProject",
      "marker": null,
      "install_options": [],
      "global_options": [],
      "hash_options": [],
      "is_constraint": false,
      "extras": [],
      "invalid_options": {},
      "is_archive": false,
      "is_wheel": false,
      "is_url": true,
      "is_vcs_url": true,
      "is_name_at_url": false,
      "is_local_path": true,
      "has_egg_fragment": true
    },
    {
      "name": "MyProject",
      "specifier": [],
      "is_editable": false,
      "is_pinned": false,
      "requirement_line": {
        "line_number": 9,
        "line": "bzr+sftp://user@myproject.org/MyProject/trunk#egg=MyProject"
      },
      "link": "bzr+sftp://user@myproject.org/MyProject/trunk#egg=MyProject",
      "marker": null,
      "install_options": [],
      "global_options": [],
      "hash_options": [],
      "is_constraint": false,
      "extras": [],
      "invalid_options": {},
      "is_archive": false,
      "is_wheel": false,
      "is_url": true,
      "is_vcs_url": true,
      "is_name_at_url": false,
      "is_local_path": true,
      "has_egg_fragment": true
    },
    {
      "name": "MyProject",
      "specifier": [],
      "is_editable": false,
      "is_pinned": false,
      "requirement_line": {
        "line_number": 10,
        "line": "bzr+ssh://user@myproject.org/MyProject/trunk#egg=MyProject"
      },
      "link": "bzr+ssh://user@myproject.org/MyProject/trunk#egg=MyProject",
      "marker": null,
      "install_options": [],
      "global_options": [],
      "hash_options": [],
      "is_constraint": false,
      "extras": [],
      "invalid_options": {},
      "is_archive": false,
      "is_wheel": false,
      "is_url": true,
      "is_vcs_url": true,
      "is_name_at_url": false,
      "is_local_path": true,
      "has_egg_fragment": true
    },
    {
      "name": "MyProject",
      "specifier": [],
      "is_editable": false,
      "is_pinned": false,
      "requirement_line": {
        "line_number": 11,
        "line": "bzr+ftp://user@myproject.org/MyProject/trunk#egg=MyProject"
      },
      "link": "bzr+ftp://user@myproject.org/MyProject/trunk#egg=MyProject",
      "marker": null,
      "install_options": [],
      "global_options": [],
      "hash_options": [],
      "is_constraint": false,
      "extras": [],
      "invalid_options": {},
      "is_archive": false,
      "is_wheel": false,
      "is_url": true,
      "is_vcs_url": true,
      "is_name_at_url": false,
      "is_local_path": true,
      "has_egg_fragment": true
    },
    {
      "name": "MyProject",
      "specifier": [],
      "is_editable": false,
      "is_pinned": false,
      "requirement_line": {
        "line_number": 12,
        "line": "bzr+https://bzr.myproject.org/MyProject/trunk@2019#egg=MyProject"
      },
      "link": "bzr+https://bzr.myproject.org/MyProject/trunk@2019#egg=MyProject",
      "marker": null,
      "install_options": [],
      "global_options": [],
      "hash_options": [],
      "is_constraint": false,
      "extras": [],
      "invalid_options": {},
      "is_archive": false,
      "is_wheel": false,
      "is_url": true,
      "is_vcs_url": true,
      "is_name_at_url": false,
      "is_local_path": true,
      "has_egg_fragment": true
    },
    {
      "name": "MyProject",
      "specifier": [],
      "is_editable": false,
      "is_pinned": false,
      "requirement_line": {
        "line_number": 13,
        "line": "bzr+http://bzr.myproject.org/MyProject/trunk@v1.0#egg=MyProject"
      },
      "link": "bzr+http://bzr.myproject.org/MyProject/trunk@v1.0#egg=MyProject",
      "marker": null,
      "install_options": [],
      "global_options": [],
      "hash_options": [],
      "is_constraint": false,
      "extras": [],
      "invalid_options": {},
      "is_archive": false,
      "is_wheel": false,
      "is_url": true,
      "is_vcs_url": true,
      "is_name_at_url": false,
      "is_local_path": true,
      "has_egg_fragment": true
    }
  ],
  "invalid_lines": [],
  "comments": []
}