{
  "options": [],
  "requirements": [
    {
      "name": "z3c.checkversions",
      "specifier": [
        "==0.4.1"
      ],
      "is_editable": false,
      "is_pinned": true,
      "requirement_line": {
        "line_number": 1,
        "line": "z3c.checkversions==0.4.1"
      },
      "link": null,
      "marker": null,
      "install_options": [],
      "global_options": [],
      "hash_options": [],
      "is_constraint": false,
      "extras": [],
      "invalid_options": {},
      "is_archive": null,
      "is_wheel": false,
      "is_url": null,
      "is_vcs_url": null,
      "is_name_at_url": false,
      "is_local_path": null,
      "has_egg_fragment": false
    },
    {
      "name": "MyPackage",
      "specifier": [],
      "is_editable": false,
      "is_pinned": false,
      "requirement_line": {
        "line_number": 2,
        "line": "MyPackage"
      },
      "link": null,
      "marker": null,
      "install_options": [],
      "global_options": [],
      "hash_options": [],
      "is_constraint": false,
      "extras": [],
      "invalid_options": {},
      "is_archive": null,
      "is_wheel": false,
      "is_url": null,
      "is_vcs_url": null,
      "is_name_at_url": false,
      "is_local_path": null,
      "has_egg_fragment": false
    },
    {
      "name": "Framework",
      "specifier": [
        "==0.9.4"
      ],
      "is_editable": false,
      "is_pinned": true,
      "requirement_line": {
        "line_number": 3,
        "line": "Framework==0.9.4"
      },
      "link": null,
      "marker": null,
      "install_options": [],
      "global_options": [],
      "hash_options": [],
      "is_constraint": false,
      "extras": [],
      "invalid_options": {},
      "is_archive": null,
      "is_wheel": false,
      "is_url": null,
      "is_vcs_url": null,
      "is_name_at_url": false,
      "is_local_path": null,
      "has_egg_fragment": false
    },
    {
      "name": "Library",
      "specifier": [
        ">=0.2"
      ],
      "is_editable": false,
      "is_pinned": false,
      "requirement_line": {
        "line_number": 4,
        "line": "Library>=0.2"
      },
      "link": null,
      "marker": null,
      "install_options": [],
      "global_options": [],
      "hash_options": [],
      "is_constraint": false,
      "extras": [],
      "invalid_options": {},
      "is_archive": null,
      "is_wheel": false,
      "is_url": null,
      "is_vcs_url": null,
      "is_name_at_url": false,
      "is_local_path": null,
      "has_egg_fragment": false
    }
  ],
  "invalid_lines": [],
  "comments": []
}