{
  "options": [],
  "requirements": [
    {
      "name": "MyProject",
      "specifier": [],
      "is_editable": true,
      "is_pinned": false,
      "requirement_line": {
        "line_number": 1,
        "line": "-e git+git://git.myproject.org/MyProject#egg=MyProject&subdirectory=setup"
      },
      "link": "git+git://git.myproject.org/MyProject#egg=MyProject&subdirectory=setup",
      "marker": null,
      "install_options": [],
      "global_options": [],
      "hash_options": [],
      "is_constraint": false,
      "extras": [],
      "invalid_options": {},
      "is_archive": false,
      "is_wheel": false,
      "is_url": true,
      "is_vcs_url": true,
      "is_name_at_url": false,
      "is_local_path": true,
      "has_egg_fragment": true
    },
    {
      "name": "MyProject",
      "specifier": [],
      "is_editable": false,
      "is_pinned": false,
      "requirement_line": {
        "line_number": 2,
        "line": "git+git://git.myproject.org/MyProject#egg=MyProject&subdirectory=setup"
      },
      "link": "git+git://git.myproject.org/MyProject#egg=MyProject&subdirectory=setup",
      "marker": null,
      "install_options": [],
      "global_options": [],
      "hash_options": [],
      "is_constraint": false,
      "extras": [],
      "invalid_options": {},
      "is_archive": false,
      "is_wheel": false,
      "is_url": true,
      "is_vcs_url": true,
      "is_name_at_url": false,
      "is_local_path": true,
      "has_egg_fragment": true
    }
  ],
  "invalid_lines": [],
  "comments": []
}