{
  "options": [],
  "requirements": [
    {
      "name": "MyProject",
      "specifier": [],
      "is_editable": true,
      "is_pinned": false,
      "requirement_line": {
        "line_number": 1,
        "line": "-e git+git://git.myproject.org/MyProject#egg=MyProject"
      },
      "link": "git+git://git.myproject.org/MyProject#egg=MyProject",
      "marker": null,
      "install_options": [],
      "global_options": [],
      "hash_options": [],
      "is_constraint": false,
      "extras": [],
      "invalid_options": {},
      "is_archive": false,
      "is_wheel": false,
      "is_url": true,
      "is_vcs_url": true,
      "is_name_at_url": false,
      "is_local_path": true,
      "has_egg_fragment": true
    },
    {
      "name": "MyProject",
      "specifier": [],
      "is_editable": true,
      "is_pinned": false,
      "requirement_line": {
        "line_number": 2,
        "line": "-e git+https://git.myproject.org/MyProject#egg=MyProject"
      },
      "link": "git+https://git.myproject.org/MyProject#egg=MyProject",
      "marker": null,
      "install_options": [],
      "global_options": [],
      "hash_options": [],
      "is_constraint": false,
      "extras": [],
      "invalid_options": {},
      "is_archive": false,
      "is_wheel": false,
      "is_url": true,
      "is_vcs_url": true,
      "is_name_at_url": false,
      "is_local_path": true,
      "has_egg_fragment": true
    },
    {
      "name": "MyProject",
      "specifier": [],
      "is_editable": true,
      "is_pinned": false,
      "requirement_line": {
        "line_number": 3,
        "line": "-e git+ssh://git.myproject.org/MyProject#egg=MyProject"
      },
      "link": "git+ssh://git.myproject.org/MyProject#egg=MyProject",
      "marker": null,
      "install_options": [],
      "global_options": [],
      "hash_options": [],
      "is_constraint": false,
      "extras": [],
      "invalid_options": {},
      "is_archive": false,
      "is_wheel": false,
      "is_url": true,
      "is_vcs_url": true,
      "is_name_at_url": false,
      "is_local_path": true,
      "has_egg_fragment": true
    },
    {
      "name": "MyProject",
      "specifier": [],
      "is_editable": true,
      "is_pinned": false,
      "requirement_line": {
        "line_number": 4,
        "line": "-e git+ssh://git@git.myproject.org/MyProject#egg=MyProject"
      },
      "link": "git+ssh://git@git.myproject.org/MyProject#egg=MyProject",
      "marker": null,
      "install_options": [],
      "global_options": [],
      "hash_options": [],
      "is_constraint": false,
      "extras": [],
      "invalid_options": {},
      "is_archive": false,
      "is_wheel": false,
      "is_url": true,
      "is_vcs_url": true,
      "is_name_at_url": false,
      "is_local_path": true,
      "has_egg_fragment": true
    },
    {
      "name": "MyProject",
      "specifier": [],
      "is_editable": true,
      "is_pinned": false,
      "requirement_line": {
        "line_number": 5,
        "line": "-e git://git.myproject.org/MyProject.git@master#egg=MyProject"
      },
      "link": "git://git.myproject.org/MyProject.git@master#egg=MyProject",
      "marker": null,
      "install_options": [],
      "global_options": [],
      "hash_options": [],
      "is_constraint": false,
      "extras": [],
      "invalid_options": {},
      "is_archive": false,
      "is_wheel": false,
      "is_url": false,
      "is_vcs_url": false,
      "is_name_at_url": false,
      "is_local_path": true,
      "has_egg_fragment": true
    },
    {
      "name": "MyProject",
      "specifier": [],
      "is_editable": true,
      "is_pinned": false,
      "requirement_line": {
        "line_number": 6,
        "line": "-e git://git.myproject.org/MyProject.git@v1.0#egg=MyProject"
      },
      "link": "git://git.myproject.org/MyProject.git@v1.0#egg=MyProject",
      "marker": null,
      "install_options": [],
      "global_options": [],
      "hash_options": [],
      "is_constraint": false,
      "extras": [],
      "invalid_options": {},
      "is_archive": false,
      "is_wheel": false,
      "is_url": false,
      "is_vcs_url": false,
      "is_name_at_url": false,
      "is_local_path": true,
      "has_egg_fragment": true
    },
    {
      "name": "MyProject",
      "specifier": [],
      "is_editable": true,
      "is_pinned": false,
      "requirement_line": {
        "line_number": 7,
        "line": "-e git://git.myproject.org/MyProject.git@da39a3ee5e6b4b0d3255bfef95601890afd80709#egg=MyProject"
      },
      "link": "git://git.myproject.org/MyProject.git@da39a3ee5e6b4b0d3255bfef95601890afd80709#egg=MyProject",
      "marker": null,
      "install_options": [],
      "global_options": [],
      "hash_options": [],
      "is_constraint": false,
      "extras": [],
      "invalid_options": {},
      "is_archive": false,
      "is_wheel": false,
      "is_url": false,
      "is_vcs_url": false,
      "is_name_at_url": false,
      "is_local_path": true,
      "has_egg_fragment": true
    },
    {
      "name": "MyProject",
      "specifier": [],
      "is_editable": false,
      "is_pinned": false,
      "requirement_line": {
        "line_number": 9,
        "line": "git+git://git.myproject.org/MyProject#egg=MyProject"
      },
      "link": "git+git://git.myproject.org/MyProject#egg=MyProject",
      "marker": null,
      "install_options": [],
      "global_options": [],
      "hash_options": [],
      "is_constraint": false,
      "extras": [],
      "invalid_options": {},
      "is_archive": false,
      "is_wheel": false,
      "is_url": true,
      "is_vcs_url": true,
      "is_name_at_url": false,
      "is_local_path": true,
      "has_egg_fragment": true
    },
    {
      "name": "MyProject",
      "specifier": [],
      "is_editable": false,
      "is_pinned": false,
      "requirement_line": {
        "line_number": 10,
        "line": "git+https://git.myproject.org/MyProject#egg=MyProject"
      },
      "link": "git+https://git.myproject.org/MyProject#egg=MyProject",
      "marker": null,
      "install_options": [],
      "global_options": [],
      "hash_options": [],
      "is_constraint": false,
      "extras": [],
      "invalid_options": {},
      "is_archive": false,
      "is_wheel": false,
      "is_url": true,
      "is_vcs_url": true,
      "is_name_at_url": false,
      "is_local_path": true,
      "has_egg_fragment": true
    },
    {
      "name": "MyProject",
      "specifier": [],
      "is_editable": false,
      "is_pinned": false,
      "requirement_line": {
        "line_number": 11,
        "line": "git+ssh://git.myproject.org/MyProject#egg=MyProject"
      },
      "link": "git+ssh://git.myproject.org/MyProject#egg=MyProject",
      "marker": null,
      "install_options": [],
      "global_options": [],
      "hash_options": [],
      "is_constraint": false,
      "extras": [],
      "invalid_options": {},
      "is_archive": false,
      "is_wheel": false,
      "is_url": true,
      "is_vcs_url": true,
      "is_name_at_url": false,
      "is_local_path": true,
      "has_egg_fragment": true
    },
    {
      "name": "MyProject",
      "specifier": [],
      "is_editable": false,
      "is_pinned": false,
      "requirement_line": {
        "line_number": 12,
        "line": "git://git.myproject.org/MyProject.git@master#egg=MyProject"
      },
      "link": "git://git.myproject.org/MyProject.git@master#egg=MyProject",
      "marker": null,
      "install_options": [],
      "global_options": [],
      "hash_options": [],
      "is_constraint": false,
      "extras": [],
      "invalid_options": {},
      "is_archive": false,
      "is_wheel": false,
      "is_url": false,
      "is_vcs_url": false,
      "is_name_at_url": false,
      "is_local_path": true,
      "has_egg_fragment": true
    },
    {
      "name": "MyProject",
      "specifier": [],
      "is_editable": false,
      "is_pinned": false,
      "requirement_line": {
        "line_number": 13,
        "line": "git://git.myproject.org/MyProject.git@v1.0#egg=MyProject"
      },
      "link": "git://git.myproject.org/MyProject.git@v1.0#egg=MyProject",
      "marker": null,
      "install_options": [],
      "global_options": [],
      "hash_options": [],
      "is_constraint": false,
      "extras": [],
      "invalid_options": {},
      "is_archive": false,
      "is_wheel": false,
      "is_url": false,
      "is_vcs_url": false,
      "is_name_at_url": false,
      "is_local_path": true,
      "has_egg_fragment": true
    },
    {
      "name": "MyProject",
      "specifier": [],
      "is_editable": false,
      "is_pinned": false,
      "requirement_line": {
        "line_number": 14,
        "line": "git://git.myproject.org/MyProject.git@da39a3ee5e6b4b0d3255bfef95601890afd80709#egg=MyProject"
      },
      "link": "git://git.myproject.org/MyProject.git@da39a3ee5e6b4b0d3255bfef95601890afd80709#egg=MyProject",
      "marker": null,
      "install_options": [],
      "global_options": [],
      "hash_options": [],
      "is_constraint": false,
      "extras": [],
      "invalid_options": {},
      "is_archive": false,
      "is_wheel": false,
      "is_url": false,
      "is_vcs_url": false,
      "is_name_at_url": false,
      "is_local_path": true,
      "has_egg_fragment": true
    }
  ],
  "invalid_lines": [],
  "comments": []
}